sugar
sugarcane
sugarcanes
sugarcoat
sugarcoated
sugarcoating
sugarcoats
sugared
sugarier
sugariest
sugaring
sugarless
sugarplum
sugarplums
sugars
sugary
