 a p p l e! b a n a n a! e a n! i g! l a c k! o y! c a n c e l! t c h! o f f e! d i m e n s i o n! e x c e p t i o n! f a t! l o u r! w e r! g i r l! h a s! t! e! l l o! r! i d e! g h! j a v a! l o c k! o k! w! m a n g o! e! r g e! o r a n g e! p o t a t o! r a n g e! s a v e! h o w! m a l l! u g a r! t h e y! r o w! r y! u n l o c k! w e! i d e! y o u!
