 b o d y! o t! y! s m a l l! e r! s t! i l e! o o t h!
